MemTotal:        8083696 kB
MemFree:         2546500 kB
MemAvailable:    4873872 kB
Buffers:           56376 kB
Cached:          2685876 kB
SwapCached:            0 kB
Active:          4204644 kB
Inactive:         875476 kB
Active(anon):    2573392 kB
Inactive(anon):        0 kB
Active(file):    1631252 kB
Inactive(file):   875476 kB
Unevictable:           0 kB
Mlocked:               0 kB
SwapTotal:             0 kB
SwapFree:              0 kB
Zswap:                 0 kB
Zswapped:              0 kB
Dirty:               184 kB
Writeback:             0 kB
AnonPages:       2337868 kB
Mapped:          1335148 kB
Shmem:            235524 kB
KReclaimable:      82572 kB
Slab:             239072 kB
SReclaimable:      82572 kB
SUnreclaim:       156500 kB
KernelStack:       13024 kB
PageTables:        23600 kB
SecPageTables:         0 kB
NFS_Unstable:          0 kB
Bounce:                0 kB
WritebackTmp:          0 kB
CommitLimit:     4041848 kB
Committed_AS:    5555900 kB
VmallocTotal:   34359738367 kB
VmallocUsed:       29904 kB
VmallocChunk:          0 kB
Percpu:            90112 kB
HardwareCorrupted:     0 kB
AnonHugePages:         0 kB
ShmemHugePages:        0 kB
ShmemPmdMapped:        0 kB
FileHugePages:         0 kB
FilePmdMapped:         0 kB
Unaccepted:            0 kB
HugePages_Total:       0
HugePages_Free:        0
HugePages_Rsvd:        0
HugePages_Surp:        0
Hugepagesize:       2048 kB
Hugetlb:               0 kB
DirectMap4k:      145216 kB
DirectMap2M:     4048896 kB
DirectMap1G:     6291456 kB
